// Jest Snapshot v1, https://goo.gl/fbAQLP

exports[`Home should match snapshot 1`] = `
Object {
  "asFragment": [Function],
  "baseElement": <body>
    <div>
      <div
        class="container m-6 mx-auto"
        data-testid="home"
      >
        <div
          class="container group relative z-0 mx-auto flex max-w-5xl flex-col space-x-4 rounded-xl bg-white p-6 shadow-md"
        >
          <div
            class="flex gap-3 pb-10"
          >
            <svg
              fill="currentColor"
              height="28"
              stroke="currentColor"
              stroke-width="0"
              viewBox="0 0 24 24"
              width="28"
              xmlns="http://www.w3.org/2000/svg"
            >
              <path
                d="M0 0h24v24H0z"
                fill="none"
              />
              <path
                d="M21 16v-2l-8-5V3.5c0-.83-.67-1.5-1.5-1.5S10 2.67 10 3.5V9l-8 5v2l8-2.5V19l-2 1.5V22l3.5-1 3.5 1v-1.5L13 19v-5.5l8 2.5z"
              />
            </svg>
            <h1
              class="text-3xl font-bold"
            >
              Flight Booking
            </h1>
          </div>
          <div
            class="flex flex-col gap-12 py-5 md:flex-row"
          >
            <div
              class="container md:w-1/2"
            />
            <div
              class="container md:w-1/2"
            />
          </div>
          <div
            class="flex flex-col gap-12 py-5 md:flex-row"
          >
            <div
              class="group container relative z-0 mb-6 md:w-1/3"
            />
            <div
              class="group container relative z-0 mb-6 md:w-1/3"
            />
            <div
              class="group relative z-0 mb-6 md:w-1/3"
            />
          </div>
          <button
            class=" my-8 self-center rounded-full bg-blue-700 px-5 py-2.5 text-center text-sm font-medium text-white hover:bg-blue-800 focus:outline-none focus:ring-4 focus:ring-blue-300 dark:bg-blue-600 dark:hover:bg-blue-700 dark:focus:ring-blue-800 md:w-1/4 md:self-end"
            data-testid="search-button"
            type="button"
          >
            Search flights
          </button>
        </div>
      </div>
    </div>
  </body>,
  "container": <div>
    <div
      class="container m-6 mx-auto"
      data-testid="home"
    >
      <div
        class="container group relative z-0 mx-auto flex max-w-5xl flex-col space-x-4 rounded-xl bg-white p-6 shadow-md"
      >
        <div
          class="flex gap-3 pb-10"
        >
          <svg
            fill="currentColor"
            height="28"
            stroke="currentColor"
            stroke-width="0"
            viewBox="0 0 24 24"
            width="28"
            xmlns="http://www.w3.org/2000/svg"
          >
            <path
              d="M0 0h24v24H0z"
              fill="none"
            />
            <path
              d="M21 16v-2l-8-5V3.5c0-.83-.67-1.5-1.5-1.5S10 2.67 10 3.5V9l-8 5v2l8-2.5V19l-2 1.5V22l3.5-1 3.5 1v-1.5L13 19v-5.5l8 2.5z"
            />
          </svg>
          <h1
            class="text-3xl font-bold"
          >
            Flight Booking
          </h1>
        </div>
        <div
          class="flex flex-col gap-12 py-5 md:flex-row"
        >
          <div
            class="container md:w-1/2"
          />
          <div
            class="container md:w-1/2"
          />
        </div>
        <div
          class="flex flex-col gap-12 py-5 md:flex-row"
        >
          <div
            class="group container relative z-0 mb-6 md:w-1/3"
          />
          <div
            class="group container relative z-0 mb-6 md:w-1/3"
          />
          <div
            class="group relative z-0 mb-6 md:w-1/3"
          />
        </div>
        <button
          class=" my-8 self-center rounded-full bg-blue-700 px-5 py-2.5 text-center text-sm font-medium text-white hover:bg-blue-800 focus:outline-none focus:ring-4 focus:ring-blue-300 dark:bg-blue-600 dark:hover:bg-blue-700 dark:focus:ring-blue-800 md:w-1/4 md:self-end"
          data-testid="search-button"
          type="button"
        >
          Search flights
        </button>
      </div>
    </div>
  </div>,
  "debug": [Function],
  "findAllByAltText": [Function],
  "findAllByDisplayValue": [Function],
  "findAllByLabelText": [Function],
  "findAllByPlaceholderText": [Function],
  "findAllByRole": [Function],
  "findAllByTestId": [Function],
  "findAllByText": [Function],
  "findAllByTitle": [Function],
  "findByAltText": [Function],
  "findByDisplayValue": [Function],
  "findByLabelText": [Function],
  "findByPlaceholderText": [Function],
  "findByRole": [Function],
  "findByTestId": [Function],
  "findByText": [Function],
  "findByTitle": [Function],
  "getAllByAltText": [Function],
  "getAllByDisplayValue": [Function],
  "getAllByLabelText": [Function],
  "getAllByPlaceholderText": [Function],
  "getAllByRole": [Function],
  "getAllByTestId": [Function],
  "getAllByText": [Function],
  "getAllByTitle": [Function],
  "getByAltText": [Function],
  "getByDisplayValue": [Function],
  "getByLabelText": [Function],
  "getByPlaceholderText": [Function],
  "getByRole": [Function],
  "getByTestId": [Function],
  "getByText": [Function],
  "getByTitle": [Function],
  "queryAllByAltText": [Function],
  "queryAllByDisplayValue": [Function],
  "queryAllByLabelText": [Function],
  "queryAllByPlaceholderText": [Function],
  "queryAllByRole": [Function],
  "queryAllByTestId": [Function],
  "queryAllByText": [Function],
  "queryAllByTitle": [Function],
  "queryByAltText": [Function],
  "queryByDisplayValue": [Function],
  "queryByLabelText": [Function],
  "queryByPlaceholderText": [Function],
  "queryByRole": [Function],
  "queryByTestId": [Function],
  "queryByText": [Function],
  "queryByTitle": [Function],
  "rerender": [Function],
  "unmount": [Function],
}
`;
